user@DESKTOP-J951BAD MINGW64 /d/3 rd yr/git
$ ls
HH.txt

user@DESKTOP-J951BAD MINGW64 /d/3 rd yr/git
$ git init                                          -----------creating a repository
Initialized empty Git repository in D:/3 rd yr/git/.git/

user@DESKTOP-J951BAD MINGW64 /d/3 rd yr/git (master)
$ git status
On branch master

No commits yet

Untracked files:
  (use "git add <file>..." to include in what will be committed)
        HH.txt

nothing added to commit but untracked files present (use "git add" to track)

user@DESKTOP-J951BAD MINGW64 /d/3 rd yr/git (master)
$ git add hh.txt

user@DESKTOP-J951BAD MINGW64 /d/3 rd yr/git (master)
$ git status
On branch master

No commits yet

Untracked files:
  (use "git add <file>..." to include in what will be committed)
        HH.txt

nothing added to commit but untracked files present (use "git add" to track)

user@DESKTOP-J951BAD MINGW64 /d/3 rd yr/git (master)
$ git add HH.txt

user@DESKTOP-J951BAD MINGW64 /d/3 rd yr/git (master)
$ git status
On branch master

No commits yet

Changes to be committed:
  (use "git rm --cached <file>..." to unstage)
        new file:   HH.txt


user@DESKTOP-J951BAD MINGW64 /d/3 rd yr/git (master)
$ git add .

user@DESKTOP-J951BAD MINGW64 /d/3 rd yr/git (master)
$ git status
On branch master

No commits yet

Changes to be committed:
  (use "git rm --cached <file>..." to unstage)
        new file:   HH.txt
        new file:   second.txt
        new file:   third.txt


user@DESKTOP-J951BAD MINGW64 /d/3 rd yr/git (master)
$
